<?php

namespace  {

    /**
     * Generated by Craft Prompter
     *
     * @property \craft\web\twig\variables\Cp $cp
     * @property \craft\web\twig\variables\Io $io
     * @property \craft\web\twig\variables\Routes $routes
     * @property \craft\web\twig\variables\CategoryGroups $categoryGroups
     * @property \craft\web\twig\variables\Config $config
     * @property \craft\web\twig\variables\Deprecator $deprecator
     * @property \craft\web\twig\variables\ElementIndexes $elementIndexes
     * @property \craft\web\twig\variables\Feeds $feeds
     * @property \craft\web\twig\variables\Fields $fields
     * @property \craft\web\twig\variables\Globals $globals
     * @property \craft\web\twig\variables\I18N $i18n
     * @property \craft\web\twig\variables\Request $request
     * @property \craft\web\twig\variables\Sections $sections
     * @property \craft\web\twig\variables\SystemSettings $systemSettings
     * @property \craft\web\twig\variables\UserSession $session
     *
     * Generated:
     *
     *
     */
    class PrompterVariable extends \craft\web\twig\variables\CraftVariable
    {

    }

    /**
     * Generated by Craft Prompter
     */
    class PrompterExtension extends \Twig\Extension\AbstractExtension implements \Twig\Extension\GlobalsInterface
    {
        public function getGlobals(): array
        {
            return [
                // Craft Variable
                'craft' => new PrompterVariable(),
                // Craft Elements
                'asset' => new \craft\elements\Asset(),
                'category' => new \craft\elements\Category(),
                'entry' => new \craft\elements\Entry(),
                'tag' => new \craft\elements\Tag(),
                // Craft "Constants"
                'SORT_ASC' => 4,
                'SORT_DESC' => 3,
                'SORT_REGULAR' => 0,
                'SORT_NUMERIC' => 1,
                'SORT_STRING' => 2,
                'SORT_LOCALE_STRING' => 5,
                'SORT_NATURAL' => 6,
                'SORT_FLAG_CASE' => 8,
                'POS_HEAD' => 1,
                'POS_BEGIN' => 2,
                'POS_END' => 3,
                'POS_READY' => 4,
                'POS_LOAD' => 5,
                // Misc. Craft globals
                'currentUser' => new \craft\elements\User(),
                'currentSite' => new \craft\models\Site(),
                'now' => new \DateTime(),

                // Generated
                'foo' => false,
            ];
        }
    }
}
