
<fg=yellow>
/** @var query Vol1AssetQuery */           
<fg=blue>$query</> = <fg=blue>\craft\elements\Asset::find()->volume('vol1');</>
<fg=default>// $query->all() or $query->one()</>
</>
<fg=yellow>
/** @var query Vol2AssetQuery */           
<fg=blue>$query</> = <fg=blue>\craft\elements\Asset::find()->volume('vol2');</>
<fg=default>// $query->all() or $query->one()</>
</>