
<fg=yellow>
{# @var query Vol1AssetQuery #}            
{% set <fg=blue>query</> = <fg=blue>craft.assets().volume('vol1')</> %}</>
<fg=default>// query.all() or query.one()</>
</>
<fg=yellow>
{# @var query Vol2AssetQuery #}            
{% set <fg=blue>query</> = <fg=blue>craft.assets().volume('vol2')</> %}</>
<fg=default>// query.all() or query.one()</>
</>