
<fg=yellow>
{# @var query Sec1SectionQuery #}            
{% set <fg=blue>query</> = <fg=blue>craft.entries().section('sec1')</> %}</>
<fg=default>// query.all() or query.one()</>
</>
<fg=yellow>
{# @var query Sec2SectionQuery #}            
{% set <fg=blue>query</> = <fg=blue>craft.entries().section('sec2')</> %}</>
<fg=default>// query.all() or query.one()</>
</>
<fg=yellow>
{# @var query Sec3SectionQuery #}            
{% set <fg=blue>query</> = <fg=blue>craft.entries().section('sec3')</> %}</>
<fg=default>// query.all() or query.one()</>
</>